---
source: crates/phc-parser/tests/parse_examples.rs
expression: rendered
input_file: examples/class.phc
---
=== ast ===
SourceFile {
    pack: PackDecl {
        path: PackPath {
            segments: [
                Ident {
                    name: "examples",
                    span: Span {
                        file: FileId(
                            0,
                        ),
                        lo: 5,
                        hi: 13,
                    },
                },
                Ident {
                    name: "class_user",
                    span: Span {
                        file: FileId(
                            0,
                        ),
                        lo: 14,
                        hi: 24,
                    },
                },
            ],
            span: Span {
                file: FileId(
                    0,
                ),
                lo: 5,
                hi: 24,
            },
        },
        span: Span {
            file: FileId(
                0,
            ),
            lo: 0,
            hi: 25,
        },
    },
    uses: [],
    items: [
        Interface(
            InterfaceDecl {
                visibility: Public,
                name: Ident {
                    name: "Greet",
                    span: Span {
                        file: FileId(
                            0,
                        ),
                        lo: 44,
                        hi: 49,
                    },
                },
                generic_params: [],
                methods: [
                    MethodSig {
                        name: Ident {
                            name: "greet",
                            span: Span {
                                file: FileId(
                                    0,
                                ),
                                lo: 61,
                                hi: 66,
                            },
                        },
                        generic_params: [],
                        params: [],
                        return_type: TypeRef {
                            path: [
                                Ident {
                                    name: "string",
                                    span: Span {
                                        file: FileId(
                                            0,
                                        ),
                                        lo: 70,
                                        hi: 76,
                                    },
                                },
                            ],
                            args: [],
                            nullable: false,
                            fn_return: None,
                            span: Span {
                                file: FileId(
                                    0,
                                ),
                                lo: 70,
                                hi: 76,
                            },
                        },
                        span: Span {
                            file: FileId(
                                0,
                            ),
                            lo: 52,
                            hi: 77,
                        },
                    },
                ],
                span: Span {
                    file: FileId(
                        0,
                    ),
                    lo: 27,
                    hi: 79,
                },
            },
        ),
        Trait(
            TraitDecl {
                visibility: Public,
                name: Ident {
                    name: "Loggable",
                    span: Span {
                        file: FileId(
                            0,
                        ),
                        lo: 94,
                        hi: 102,
                    },
                },
                generic_params: [],
                methods: [
                    FunctionDecl {
                        attributes: [],
                        visibility: Default,
                        is_async: false,
                        name: Ident {
                            name: "log",
                            span: Span {
                                file: FileId(
                                    0,
                                ),
                                lo: 118,
                                hi: 121,
                            },
                        },
                        generic_params: [],
                        params: [],
                        return_type: TypeRef {
                            path: [
                                Ident {
                                    name: "void",
                                    span: Span {
                                        file: FileId(
                                            0,
                                        ),
                                        lo: 125,
                                        hi: 129,
                                    },
                                },
                            ],
                            args: [],
                            nullable: false,
                            fn_return: None,
                            span: Span {
                                file: FileId(
                                    0,
                                ),
                                lo: 125,
                                hi: 129,
                            },
                        },
                        body: Block {
                            statements: [
                                Expr(
                                    ExprStmt {
                                        expr: Call {
                                            callee: Static {
                                                ty: TypeName {
                                                    name: Ident {
                                                        name: "Logger",
                                                        span: Span {
                                                            file: FileId(
                                                                0,
                                                            ),
                                                            lo: 132,
                                                            hi: 138,
                                                        },
                                                    },
                                                    span: Span {
                                                        file: FileId(
                                                            0,
                                                        ),
                                                        lo: 132,
                                                        hi: 138,
                                                    },
                                                },
                                                member: Ident {
                                                    name: "info",
                                                    span: Span {
                                                        file: FileId(
                                                            0,
                                                        ),
                                                        lo: 140,
                                                        hi: 144,
                                                    },
                                                },
                                                span: Span {
                                                    file: FileId(
                                                        0,
                                                    ),
                                                    lo: 132,
                                                    hi: 144,
                                                },
                                            },
                                            args: [
                                                Call {
                                                    callee: Member {
                                                        receiver: This {
                                                            span: Span {
                                                                file: FileId(
                                                                    0,
                                                                ),
                                                                lo: 145,
                                                                hi: 150,
                                                            },
                                                        },
                                                        field: Ident {
                                                            name: "greet",
                                                            span: Span {
                                                                file: FileId(
                                                                    0,
                                                                ),
                                                                lo: 152,
                                                                hi: 157,
                                                            },
                                                        },
                                                        span: Span {
                                                            file: FileId(
                                                                0,
                                                            ),
                                                            lo: 145,
                                                            hi: 157,
                                                        },
                                                    },
                                                    args: [],
                                                    span: Span {
                                                        file: FileId(
                                                            0,
                                                        ),
                                                        lo: 145,
                                                        hi: 159,
                                                    },
                                                },
                                            ],
                                            span: Span {
                                                file: FileId(
                                                    0,
                                                ),
                                                lo: 132,
                                                hi: 160,
                                            },
                                        },
                                        span: Span {
                                            file: FileId(
                                                0,
                                            ),
                                            lo: 132,
                                            hi: 161,
                                        },
                                    },
                                ),
                            ],
                            span: Span {
                                file: FileId(
                                    0,
                                ),
                                lo: 130,
                                hi: 163,
                            },
                        },
                        span: Span {
                            file: FileId(
                                0,
                            ),
                            lo: 109,
                            hi: 163,
                        },
                    },
                ],
                span: Span {
                    file: FileId(
                        0,
                    ),
                    lo: 81,
                    hi: 165,
                },
            },
        ),
        Class(
            ClassDecl {
                visibility: Public,
                name: Ident {
                    name: "User",
                    span: Span {
                        file: FileId(
                            0,
                        ),
                        lo: 180,
                        hi: 184,
                    },
                },
                generic_params: [],
                implements: [
                    [
                        Ident {
                            name: "Greet",
                            span: Span {
                                file: FileId(
                                    0,
                                ),
                                lo: 196,
                                hi: 201,
                            },
                        },
                    ],
                ],
                members: [
                    TraitUse(
                        TraitUse {
                            path: [
                                Ident {
                                    name: "Loggable",
                                    span: Span {
                                        file: FileId(
                                            0,
                                        ),
                                        lo: 212,
                                        hi: 220,
                                    },
                                },
                            ],
                            span: Span {
                                file: FileId(
                                    0,
                                ),
                                lo: 208,
                                hi: 221,
                            },
                        },
                    ),
                    Construct(
                        ConstructDecl {
                            params: [
                                ConstructParam {
                                    promoted: true,
                                    borrow: None,
                                    is_mut: false,
                                    ty: TypeRef {
                                        path: [
                                            Ident {
                                                name: "string",
                                                span: Span {
                                                    file: FileId(
                                                        0,
                                                    ),
                                                    lo: 253,
                                                    hi: 259,
                                                },
                                            },
                                        ],
                                        args: [],
                                        nullable: false,
                                        fn_return: None,
                                        span: Span {
                                            file: FileId(
                                                0,
                                            ),
                                            lo: 253,
                                            hi: 259,
                                        },
                                    },
                                    name: Ident {
                                        name: "name",
                                        span: Span {
                                            file: FileId(
                                                0,
                                            ),
                                            lo: 260,
                                            hi: 265,
                                        },
                                    },
                                    span: Span {
                                        file: FileId(
                                            0,
                                        ),
                                        lo: 246,
                                        hi: 265,
                                    },
                                },
                                ConstructParam {
                                    promoted: true,
                                    borrow: None,
                                    is_mut: false,
                                    ty: TypeRef {
                                        path: [
                                            Ident {
                                                name: "int",
                                                span: Span {
                                                    file: FileId(
                                                        0,
                                                    ),
                                                    lo: 282,
                                                    hi: 285,
                                                },
                                            },
                                        ],
                                        args: [],
                                        nullable: false,
                                        fn_return: None,
                                        span: Span {
                                            file: FileId(
                                                0,
                                            ),
                                            lo: 282,
                                            hi: 285,
                                        },
                                    },
                                    name: Ident {
                                        name: "age",
                                        span: Span {
                                            file: FileId(
                                                0,
                                            ),
                                            lo: 286,
                                            hi: 290,
                                        },
                                    },
                                    span: Span {
                                        file: FileId(
                                            0,
                                        ),
                                        lo: 275,
                                        hi: 290,
                                    },
                                },
                            ],
                            body: Block {
                                statements: [],
                                span: Span {
                                    file: FileId(
                                        0,
                                    ),
                                    lo: 298,
                                    hi: 300,
                                },
                            },
                            span: Span {
                                file: FileId(
                                    0,
                                ),
                                lo: 227,
                                hi: 300,
                            },
                        },
                    ),
                    Field(
                        FieldDecl {
                            visibility: Default,
                            is_mut: true,
                            ty: TypeRef {
                                path: [
                                    Ident {
                                        name: "int",
                                        span: Span {
                                            file: FileId(
                                                0,
                                            ),
                                            lo: 311,
                                            hi: 314,
                                        },
                                    },
                                ],
                                args: [],
                                nullable: false,
                                fn_return: None,
                                span: Span {
                                    file: FileId(
                                        0,
                                    ),
                                    lo: 311,
                                    hi: 314,
                                },
                            },
                            name: Ident {
                                name: "loginCount",
                                span: Span {
                                    file: FileId(
                                        0,
                                    ),
                                    lo: 315,
                                    hi: 326,
                                },
                            },
                            default: Some(
                                IntLit {
                                    text: "0",
                                    span: Span {
                                        file: FileId(
                                            0,
                                        ),
                                        lo: 329,
                                        hi: 330,
                                    },
                                },
                            ),
                            hooks: [],
                            span: Span {
                                file: FileId(
                                    0,
                                ),
                                lo: 306,
                                hi: 331,
                            },
                        },
                    ),
                    Method(
                        FunctionDecl {
                            attributes: [],
                            visibility: Public,
                            is_async: false,
                            name: Ident {
                                name: "greet",
                                span: Span {
                                    file: FileId(
                                        0,
                                    ),
                                    lo: 353,
                                    hi: 358,
                                },
                            },
                            generic_params: [],
                            params: [],
                            return_type: TypeRef {
                                path: [
                                    Ident {
                                        name: "string",
                                        span: Span {
                                            file: FileId(
                                                0,
                                            ),
                                            lo: 362,
                                            hi: 368,
                                        },
                                    },
                                ],
                                args: [],
                                nullable: false,
                                fn_return: None,
                                span: Span {
                                    file: FileId(
                                        0,
                                    ),
                                    lo: 362,
                                    hi: 368,
                                },
                            },
                            body: Block {
                                statements: [
                                    Return(
                                        ReturnStmt {
                                            value: Some(
                                                StrLit {
                                                    parts: [
                                                        Text(
                                                            "Hi, ",
                                                        ),
                                                        Expr(
                                                            Member {
                                                                receiver: This {
                                                                    span: Span {
                                                                        file: FileId(
                                                                            0,
                                                                        ),
                                                                        lo: 392,
                                                                        hi: 397,
                                                                    },
                                                                },
                                                                field: Ident {
                                                                    name: "name",
                                                                    span: Span {
                                                                        file: FileId(
                                                                            0,
                                                                        ),
                                                                        lo: 399,
                                                                        hi: 403,
                                                                    },
                                                                },
                                                                span: Span {
                                                                    file: FileId(
                                                                        0,
                                                                    ),
                                                                    lo: 392,
                                                                    hi: 403,
                                                                },
                                                            },
                                                        ),
                                                        Text(
                                                            " (",
                                                        ),
                                                        Expr(
                                                            Member {
                                                                receiver: This {
                                                                    span: Span {
                                                                        file: FileId(
                                                                            0,
                                                                        ),
                                                                        lo: 407,
                                                                        hi: 412,
                                                                    },
                                                                },
                                                                field: Ident {
                                                                    name: "age",
                                                                    span: Span {
                                                                        file: FileId(
                                                                            0,
                                                                        ),
                                                                        lo: 414,
                                                                        hi: 417,
                                                                    },
                                                                },
                                                                span: Span {
                                                                    file: FileId(
                                                                        0,
                                                                    ),
                                                                    lo: 407,
                                                                    hi: 417,
                                                                },
                                                            },
                                                        ),
                                                        Text(
                                                            ")",
                                                        ),
                                                    ],
                                                    span: Span {
                                                        file: FileId(
                                                            0,
                                                        ),
                                                        lo: 386,
                                                        hi: 420,
                                                    },
                                                },
                                            ),
                                            span: Span {
                                                file: FileId(
                                                    0,
                                                ),
                                                lo: 379,
                                                hi: 421,
                                            },
                                        },
                                    ),
                                ],
                                span: Span {
                                    file: FileId(
                                        0,
                                    ),
                                    lo: 369,
                                    hi: 427,
                                },
                            },
                            span: Span {
                                file: FileId(
                                    0,
                                ),
                                lo: 337,
                                hi: 427,
                            },
                        },
                    ),
                    Method(
                        FunctionDecl {
                            attributes: [],
                            visibility: Public,
                            is_async: false,
                            name: Ident {
                                name: "recordLogin",
                                span: Span {
                                    file: FileId(
                                        0,
                                    ),
                                    lo: 449,
                                    hi: 460,
                                },
                            },
                            generic_params: [],
                            params: [],
                            return_type: TypeRef {
                                path: [
                                    Ident {
                                        name: "void",
                                        span: Span {
                                            file: FileId(
                                                0,
                                            ),
                                            lo: 464,
                                            hi: 468,
                                        },
                                    },
                                ],
                                args: [],
                                nullable: false,
                                fn_return: None,
                                span: Span {
                                    file: FileId(
                                        0,
                                    ),
                                    lo: 464,
                                    hi: 468,
                                },
                            },
                            body: Block {
                                statements: [
                                    Reassign(
                                        ReassignStmt {
                                            lhs: Member {
                                                receiver: This {
                                                    span: Span {
                                                        file: FileId(
                                                            0,
                                                        ),
                                                        lo: 479,
                                                        hi: 484,
                                                    },
                                                },
                                                field: Ident {
                                                    name: "loginCount",
                                                    span: Span {
                                                        file: FileId(
                                                            0,
                                                        ),
                                                        lo: 486,
                                                        hi: 496,
                                                    },
                                                },
                                                span: Span {
                                                    file: FileId(
                                                        0,
                                                    ),
                                                    lo: 479,
                                                    hi: 496,
                                                },
                                            },
                                            value: Binary {
                                                op: Add,
                                                lhs: Member {
                                                    receiver: This {
                                                        span: Span {
                                                            file: FileId(
                                                                0,
                                                            ),
                                                            lo: 500,
                                                            hi: 505,
                                                        },
                                                    },
                                                    field: Ident {
                                                        name: "loginCount",
                                                        span: Span {
                                                            file: FileId(
                                                                0,
                                                            ),
                                                            lo: 507,
                                                            hi: 517,
                                                        },
                                                    },
                                                    span: Span {
                                                        file: FileId(
                                                            0,
                                                        ),
                                                        lo: 500,
                                                        hi: 517,
                                                    },
                                                },
                                                rhs: IntLit {
                                                    text: "1",
                                                    span: Span {
                                                        file: FileId(
                                                            0,
                                                        ),
                                                        lo: 520,
                                                        hi: 521,
                                                    },
                                                },
                                                span: Span {
                                                    file: FileId(
                                                        0,
                                                    ),
                                                    lo: 500,
                                                    hi: 521,
                                                },
                                            },
                                            span: Span {
                                                file: FileId(
                                                    0,
                                                ),
                                                lo: 479,
                                                hi: 522,
                                            },
                                        },
                                    ),
                                ],
                                span: Span {
                                    file: FileId(
                                        0,
                                    ),
                                    lo: 469,
                                    hi: 528,
                                },
                            },
                            span: Span {
                                file: FileId(
                                    0,
                                ),
                                lo: 433,
                                hi: 528,
                            },
                        },
                    ),
                ],
                span: Span {
                    file: FileId(
                        0,
                    ),
                    lo: 167,
                    hi: 530,
                },
            },
        ),
        Function(
            FunctionDecl {
                attributes: [],
                visibility: Default,
                is_async: false,
                name: Ident {
                    name: "main",
                    span: Span {
                        file: FileId(
                            0,
                        ),
                        lo: 541,
                        hi: 545,
                    },
                },
                generic_params: [],
                params: [],
                return_type: TypeRef {
                    path: [
                        Ident {
                            name: "void",
                            span: Span {
                                file: FileId(
                                    0,
                                ),
                                lo: 549,
                                hi: 553,
                            },
                        },
                    ],
                    args: [],
                    nullable: false,
                    fn_return: None,
                    span: Span {
                        file: FileId(
                            0,
                        ),
                        lo: 549,
                        hi: 553,
                    },
                },
                body: Block {
                    statements: [
                        Local(
                            LocalBinding {
                                is_mut: false,
                                ty: TypeRef {
                                    path: [
                                        Ident {
                                            name: "User",
                                            span: Span {
                                                file: FileId(
                                                    0,
                                                ),
                                                lo: 560,
                                                hi: 564,
                                            },
                                        },
                                    ],
                                    args: [],
                                    nullable: false,
                                    fn_return: None,
                                    span: Span {
                                        file: FileId(
                                            0,
                                        ),
                                        lo: 560,
                                        hi: 564,
                                    },
                                },
                                name: Ident {
                                    name: "u",
                                    span: Span {
                                        file: FileId(
                                            0,
                                        ),
                                        lo: 565,
                                        hi: 567,
                                    },
                                },
                                value: Call {
                                    callee: TypeName {
                                        name: Ident {
                                            name: "User",
                                            span: Span {
                                                file: FileId(
                                                    0,
                                                ),
                                                lo: 570,
                                                hi: 574,
                                            },
                                        },
                                        span: Span {
                                            file: FileId(
                                                0,
                                            ),
                                            lo: 570,
                                            hi: 574,
                                        },
                                    },
                                    args: [
                                        StrLit {
                                            parts: [
                                                Text(
                                                    "Ada",
                                                ),
                                            ],
                                            span: Span {
                                                file: FileId(
                                                    0,
                                                ),
                                                lo: 575,
                                                hi: 580,
                                            },
                                        },
                                        IntLit {
                                            text: "36",
                                            span: Span {
                                                file: FileId(
                                                    0,
                                                ),
                                                lo: 582,
                                                hi: 584,
                                            },
                                        },
                                    ],
                                    span: Span {
                                        file: FileId(
                                            0,
                                        ),
                                        lo: 570,
                                        hi: 585,
                                    },
                                },
                                span: Span {
                                    file: FileId(
                                        0,
                                    ),
                                    lo: 560,
                                    hi: 586,
                                },
                            },
                        ),
                        Expr(
                            ExprStmt {
                                expr: Call {
                                    callee: Member {
                                        receiver: Var {
                                            name: Ident {
                                                name: "u",
                                                span: Span {
                                                    file: FileId(
                                                        0,
                                                    ),
                                                    lo: 592,
                                                    hi: 593,
                                                },
                                            },
                                            span: Span {
                                                file: FileId(
                                                    0,
                                                ),
                                                lo: 591,
                                                hi: 593,
                                            },
                                        },
                                        field: Ident {
                                            name: "log",
                                            span: Span {
                                                file: FileId(
                                                    0,
                                                ),
                                                lo: 595,
                                                hi: 598,
                                            },
                                        },
                                        span: Span {
                                            file: FileId(
                                                0,
                                            ),
                                            lo: 591,
                                            hi: 598,
                                        },
                                    },
                                    args: [],
                                    span: Span {
                                        file: FileId(
                                            0,
                                        ),
                                        lo: 591,
                                        hi: 600,
                                    },
                                },
                                span: Span {
                                    file: FileId(
                                        0,
                                    ),
                                    lo: 591,
                                    hi: 601,
                                },
                            },
                        ),
                        Expr(
                            ExprStmt {
                                expr: Call {
                                    callee: Member {
                                        receiver: Var {
                                            name: Ident {
                                                name: "u",
                                                span: Span {
                                                    file: FileId(
                                                        0,
                                                    ),
                                                    lo: 607,
                                                    hi: 608,
                                                },
                                            },
                                            span: Span {
                                                file: FileId(
                                                    0,
                                                ),
                                                lo: 606,
                                                hi: 608,
                                            },
                                        },
                                        field: Ident {
                                            name: "recordLogin",
                                            span: Span {
                                                file: FileId(
                                                    0,
                                                ),
                                                lo: 610,
                                                hi: 621,
                                            },
                                        },
                                        span: Span {
                                            file: FileId(
                                                0,
                                            ),
                                            lo: 606,
                                            hi: 621,
                                        },
                                    },
                                    args: [],
                                    span: Span {
                                        file: FileId(
                                            0,
                                        ),
                                        lo: 606,
                                        hi: 623,
                                    },
                                },
                                span: Span {
                                    file: FileId(
                                        0,
                                    ),
                                    lo: 606,
                                    hi: 624,
                                },
                            },
                        ),
                        Expr(
                            ExprStmt {
                                expr: Call {
                                    callee: Member {
                                        receiver: Var {
                                            name: Ident {
                                                name: "u",
                                                span: Span {
                                                    file: FileId(
                                                        0,
                                                    ),
                                                    lo: 630,
                                                    hi: 631,
                                                },
                                            },
                                            span: Span {
                                                file: FileId(
                                                    0,
                                                ),
                                                lo: 629,
                                                hi: 631,
                                            },
                                        },
                                        field: Ident {
                                            name: "recordLogin",
                                            span: Span {
                                                file: FileId(
                                                    0,
                                                ),
                                                lo: 633,
                                                hi: 644,
                                            },
                                        },
                                        span: Span {
                                            file: FileId(
                                                0,
                                            ),
                                            lo: 629,
                                            hi: 644,
                                        },
                                    },
                                    args: [],
                                    span: Span {
                                        file: FileId(
                                            0,
                                        ),
                                        lo: 629,
                                        hi: 646,
                                    },
                                },
                                span: Span {
                                    file: FileId(
                                        0,
                                    ),
                                    lo: 629,
                                    hi: 647,
                                },
                            },
                        ),
                        Expr(
                            ExprStmt {
                                expr: Call {
                                    callee: Static {
                                        ty: TypeName {
                                            name: Ident {
                                                name: "Logger",
                                                span: Span {
                                                    file: FileId(
                                                        0,
                                                    ),
                                                    lo: 652,
                                                    hi: 658,
                                                },
                                            },
                                            span: Span {
                                                file: FileId(
                                                    0,
                                                ),
                                                lo: 652,
                                                hi: 658,
                                            },
                                        },
                                        member: Ident {
                                            name: "info",
                                            span: Span {
                                                file: FileId(
                                                    0,
                                                ),
                                                lo: 660,
                                                hi: 664,
                                            },
                                        },
                                        span: Span {
                                            file: FileId(
                                                0,
                                            ),
                                            lo: 652,
                                            hi: 664,
                                        },
                                    },
                                    args: [
                                        StrLit {
                                            parts: [
                                                Text(
                                                    "logins = ",
                                                ),
                                                Expr(
                                                    Member {
                                                        receiver: Var {
                                                            name: Ident {
                                                                name: "u",
                                                                span: Span {
                                                                    file: FileId(
                                                                        0,
                                                                    ),
                                                                    lo: 677,
                                                                    hi: 678,
                                                                },
                                                            },
                                                            span: Span {
                                                                file: FileId(
                                                                    0,
                                                                ),
                                                                lo: 676,
                                                                hi: 678,
                                                            },
                                                        },
                                                        field: Ident {
                                                            name: "loginCount",
                                                            span: Span {
                                                                file: FileId(
                                                                    0,
                                                                ),
                                                                lo: 680,
                                                                hi: 690,
                                                            },
                                                        },
                                                        span: Span {
                                                            file: FileId(
                                                                0,
                                                            ),
                                                            lo: 676,
                                                            hi: 690,
                                                        },
                                                    },
                                                ),
                                            ],
                                            span: Span {
                                                file: FileId(
                                                    0,
                                                ),
                                                lo: 665,
                                                hi: 692,
                                            },
                                        },
                                    ],
                                    span: Span {
                                        file: FileId(
                                            0,
                                        ),
                                        lo: 652,
                                        hi: 693,
                                    },
                                },
                                span: Span {
                                    file: FileId(
                                        0,
                                    ),
                                    lo: 652,
                                    hi: 694,
                                },
                            },
                        ),
                    ],
                    span: Span {
                        file: FileId(
                            0,
                        ),
                        lo: 554,
                        hi: 696,
                    },
                },
                span: Span {
                    file: FileId(
                        0,
                    ),
                    lo: 532,
                    hi: 696,
                },
            },
        ),
    ],
    span: Span {
        file: FileId(
            0,
        ),
        lo: 0,
        hi: 697,
    },
}
