---
source: crates/phc-parser/tests/parse_examples.rs
expression: rendered
input_file: examples/generics.phc
---
=== ast ===
SourceFile {
    pack: PackDecl {
        path: PackPath {
            segments: [
                Ident {
                    name: "examples",
                    span: Span {
                        file: FileId(
                            0,
                        ),
                        lo: 5,
                        hi: 13,
                    },
                },
                Ident {
                    name: "generics_max",
                    span: Span {
                        file: FileId(
                            0,
                        ),
                        lo: 14,
                        hi: 26,
                    },
                },
            ],
            span: Span {
                file: FileId(
                    0,
                ),
                lo: 5,
                hi: 26,
            },
        },
        span: Span {
            file: FileId(
                0,
            ),
            lo: 0,
            hi: 27,
        },
    },
    uses: [],
    items: [
        Function(
            FunctionDecl {
                attributes: [],
                visibility: Public,
                is_async: false,
                name: Ident {
                    name: "max",
                    span: Span {
                        file: FileId(
                            0,
                        ),
                        lo: 45,
                        hi: 48,
                    },
                },
                generic_params: [
                    GenericParam {
                        name: Ident {
                            name: "T",
                            span: Span {
                                file: FileId(
                                    0,
                                ),
                                lo: 49,
                                hi: 50,
                            },
                        },
                        bounds: [
                            [
                                Ident {
                                    name: "Ord",
                                    span: Span {
                                        file: FileId(
                                            0,
                                        ),
                                        lo: 52,
                                        hi: 55,
                                    },
                                },
                            ],
                        ],
                        span: Span {
                            file: FileId(
                                0,
                            ),
                            lo: 49,
                            hi: 55,
                        },
                    },
                ],
                params: [
                    Param {
                        borrow: None,
                        ty: TypeRef {
                            path: [
                                Ident {
                                    name: "T",
                                    span: Span {
                                        file: FileId(
                                            0,
                                        ),
                                        lo: 57,
                                        hi: 58,
                                    },
                                },
                            ],
                            args: [],
                            nullable: false,
                            fn_return: None,
                            span: Span {
                                file: FileId(
                                    0,
                                ),
                                lo: 57,
                                hi: 58,
                            },
                        },
                        name: Ident {
                            name: "a",
                            span: Span {
                                file: FileId(
                                    0,
                                ),
                                lo: 59,
                                hi: 61,
                            },
                        },
                        span: Span {
                            file: FileId(
                                0,
                            ),
                            lo: 57,
                            hi: 61,
                        },
                    },
                    Param {
                        borrow: None,
                        ty: TypeRef {
                            path: [
                                Ident {
                                    name: "T",
                                    span: Span {
                                        file: FileId(
                                            0,
                                        ),
                                        lo: 63,
                                        hi: 64,
                                    },
                                },
                            ],
                            args: [],
                            nullable: false,
                            fn_return: None,
                            span: Span {
                                file: FileId(
                                    0,
                                ),
                                lo: 63,
                                hi: 64,
                            },
                        },
                        name: Ident {
                            name: "b",
                            span: Span {
                                file: FileId(
                                    0,
                                ),
                                lo: 65,
                                hi: 67,
                            },
                        },
                        span: Span {
                            file: FileId(
                                0,
                            ),
                            lo: 63,
                            hi: 67,
                        },
                    },
                ],
                return_type: TypeRef {
                    path: [
                        Ident {
                            name: "T",
                            span: Span {
                                file: FileId(
                                    0,
                                ),
                                lo: 70,
                                hi: 71,
                            },
                        },
                    ],
                    args: [],
                    nullable: false,
                    fn_return: None,
                    span: Span {
                        file: FileId(
                            0,
                        ),
                        lo: 70,
                        hi: 71,
                    },
                },
                body: Block {
                    statements: [
                        If(
                            IfStmt {
                                branches: [
                                    (
                                        Binary {
                                            op: Gt,
                                            lhs: Var {
                                                name: Ident {
                                                    name: "a",
                                                    span: Span {
                                                        file: FileId(
                                                            0,
                                                        ),
                                                        lo: 83,
                                                        hi: 84,
                                                    },
                                                },
                                                span: Span {
                                                    file: FileId(
                                                        0,
                                                    ),
                                                    lo: 82,
                                                    hi: 84,
                                                },
                                            },
                                            rhs: Var {
                                                name: Ident {
                                                    name: "b",
                                                    span: Span {
                                                        file: FileId(
                                                            0,
                                                        ),
                                                        lo: 88,
                                                        hi: 89,
                                                    },
                                                },
                                                span: Span {
                                                    file: FileId(
                                                        0,
                                                    ),
                                                    lo: 87,
                                                    hi: 89,
                                                },
                                            },
                                            span: Span {
                                                file: FileId(
                                                    0,
                                                ),
                                                lo: 82,
                                                hi: 89,
                                            },
                                        },
                                        Block {
                                            statements: [
                                                Return(
                                                    ReturnStmt {
                                                        value: Some(
                                                            Var {
                                                                name: Ident {
                                                                    name: "a",
                                                                    span: Span {
                                                                        file: FileId(
                                                                            0,
                                                                        ),
                                                                        lo: 101,
                                                                        hi: 102,
                                                                    },
                                                                },
                                                                span: Span {
                                                                    file: FileId(
                                                                        0,
                                                                    ),
                                                                    lo: 100,
                                                                    hi: 102,
                                                                },
                                                            },
                                                        ),
                                                        span: Span {
                                                            file: FileId(
                                                                0,
                                                            ),
                                                            lo: 93,
                                                            hi: 103,
                                                        },
                                                    },
                                                ),
                                            ],
                                            span: Span {
                                                file: FileId(
                                                    0,
                                                ),
                                                lo: 91,
                                                hi: 105,
                                            },
                                        },
                                    ),
                                ],
                                else_block: None,
                                span: Span {
                                    file: FileId(
                                        0,
                                    ),
                                    lo: 78,
                                    hi: 105,
                                },
                            },
                        ),
                        Return(
                            ReturnStmt {
                                value: Some(
                                    Var {
                                        name: Ident {
                                            name: "b",
                                            span: Span {
                                                file: FileId(
                                                    0,
                                                ),
                                                lo: 118,
                                                hi: 119,
                                            },
                                        },
                                        span: Span {
                                            file: FileId(
                                                0,
                                            ),
                                            lo: 117,
                                            hi: 119,
                                        },
                                    },
                                ),
                                span: Span {
                                    file: FileId(
                                        0,
                                    ),
                                    lo: 110,
                                    hi: 120,
                                },
                            },
                        ),
                    ],
                    span: Span {
                        file: FileId(
                            0,
                        ),
                        lo: 72,
                        hi: 122,
                    },
                },
                span: Span {
                    file: FileId(
                        0,
                    ),
                    lo: 29,
                    hi: 122,
                },
            },
        ),
        Function(
            FunctionDecl {
                attributes: [],
                visibility: Public,
                is_async: false,
                name: Ident {
                    name: "demo",
                    span: Span {
                        file: FileId(
                            0,
                        ),
                        lo: 140,
                        hi: 144,
                    },
                },
                generic_params: [],
                params: [],
                return_type: TypeRef {
                    path: [
                        Ident {
                            name: "int",
                            span: Span {
                                file: FileId(
                                    0,
                                ),
                                lo: 148,
                                hi: 151,
                            },
                        },
                    ],
                    args: [],
                    nullable: false,
                    fn_return: None,
                    span: Span {
                        file: FileId(
                            0,
                        ),
                        lo: 148,
                        hi: 151,
                    },
                },
                body: Block {
                    statements: [
                        Return(
                            ReturnStmt {
                                value: Some(
                                    Call {
                                        callee: TypeName {
                                            name: Ident {
                                                name: "max",
                                                span: Span {
                                                    file: FileId(
                                                        0,
                                                    ),
                                                    lo: 165,
                                                    hi: 168,
                                                },
                                            },
                                            span: Span {
                                                file: FileId(
                                                    0,
                                                ),
                                                lo: 165,
                                                hi: 168,
                                            },
                                        },
                                        args: [
                                            IntLit {
                                                text: "3",
                                                span: Span {
                                                    file: FileId(
                                                        0,
                                                    ),
                                                    lo: 169,
                                                    hi: 170,
                                                },
                                            },
                                            IntLit {
                                                text: "7",
                                                span: Span {
                                                    file: FileId(
                                                        0,
                                                    ),
                                                    lo: 172,
                                                    hi: 173,
                                                },
                                            },
                                        ],
                                        span: Span {
                                            file: FileId(
                                                0,
                                            ),
                                            lo: 165,
                                            hi: 174,
                                        },
                                    },
                                ),
                                span: Span {
                                    file: FileId(
                                        0,
                                    ),
                                    lo: 158,
                                    hi: 175,
                                },
                            },
                        ),
                    ],
                    span: Span {
                        file: FileId(
                            0,
                        ),
                        lo: 152,
                        hi: 177,
                    },
                },
                span: Span {
                    file: FileId(
                        0,
                    ),
                    lo: 124,
                    hi: 177,
                },
            },
        ),
    ],
    span: Span {
        file: FileId(
            0,
        ),
        lo: 0,
        hi: 178,
    },
}
