---
source: crates/phc-lexer/tests/lex_examples.rs
expression: rendered
input_file: examples/pack.phc
---
   0..4     Pack
   5..8     Ident("app")
   8..9     Dot
   9..13    Ident("auth")
  13..14    Semicolon
  16..19    Use
  20..23    Ident("app")
  23..24    Dot
  24..28    Ident("http")
  28..29    Dot
  29..36    Ident("Request")
  36..37    Semicolon
  38..41    Use
  42..45    Ident("app")
  45..46    Dot
  46..48    Ident("db")
  48..49    Dot
  49..50    LBrace
  50..60    Ident("Connection")
  60..61    Comma
  62..66    Ident("Pool")
  66..67    RBrace
  67..68    Semicolon
  70..76    Public
  77..85    Function
  86..98    Ident("authenticate")
  98..99    LParen
  99..106   Ident("Request")
 107..108   Dollar
 108..115   Ident("request")
 115..116   Comma
 117..118   Amp
 118..122   Ident("Pool")
 123..124   Dollar
 124..128   Ident("pool")
 128..129   RParen
 129..130   Colon
 131..135   Ident("bool")
 136..137   LBrace
 142..152   Ident("Connection")
 153..154   Dollar
 154..158   Ident("conn")
 159..160   Eq
 161..162   Dollar
 162..166   Ident("pool")
 166..168   Arrow
 168..176   Ident("checkout")
 176..177   LParen
 177..178   RParen
 178..179   Semicolon
 184..190   Return
 191..192   Dollar
 192..196   Ident("conn")
 196..198   Arrow
 198..204   Ident("verify")
 204..205   LParen
 205..206   Dollar
 206..213   Ident("request")
 213..215   Arrow
 215..220   Ident("token")
 220..221   LParen
 221..222   RParen
 222..223   RParen
 223..224   Semicolon
 225..226   RBrace
