---
source: crates/phc-lexer/tests/lex_examples.rs
expression: rendered
input_file: examples/match.phc
---
   0..4     Pack
   5..13    Ident("examples")
  13..14    Dot
  14..24    Ident("match_expr")
  24..25    Semicolon
  27..33    Public
  34..38    Enum
  39..45    Ident("Status")
  45..46    Colon
  47..50    Ident("int")
  51..52    LBrace
  57..59    Ident("Ok")
  60..61    Eq
  62..65    IntLit("200")
  65..66    Comma
  71..79    Ident("NotFound")
  80..81    Eq
  82..85    IntLit("404")
  85..86    Comma
  91..95    Ident("Gone")
  96..97    Eq
  98..101   IntLit("410")
 101..102   Comma
 103..104   RBrace
 106..112   Public
 113..121   Function
 122..130   Ident("classify")
 130..131   LParen
 131..137   Ident("Status")
 138..139   Dollar
 139..145   Ident("status")
 145..146   RParen
 146..147   Colon
 148..151   Ident("int")
 152..153   LBrace
 158..161   Ident("int")
 162..163   Dollar
 163..167   Ident("code")
 168..169   Eq
 170..175   Match
 176..177   LParen
 177..178   Dollar
 178..184   Ident("status")
 184..185   RParen
 186..187   LBrace
 196..202   Ident("Status")
 202..204   StaticOp
 204..206   Ident("Ok")
 207..209   FatArrow
 210..211   IntLit("0")
 211..212   Comma
 221..227   Ident("Status")
 227..229   StaticOp
 229..237   Ident("NotFound")
 238..239   Pipe
 240..246   Ident("Status")
 246..248   StaticOp
 248..252   Ident("Gone")
 253..255   FatArrow
 256..259   IntLit("404")
 259..260   Comma
 269..270   Ident("_")
 271..273   FatArrow
 274..275   Minus
 275..276   IntLit("1")
 276..277   Comma
 282..283   RBrace
 283..284   Semicolon
 289..295   Return
 296..297   Dollar
 297..301   Ident("code")
 301..302   Semicolon
 303..304   RBrace
