---
source: crates/phc-lexer/tests/lex_examples.rs
expression: rendered
input_file: examples/generics.phc
---
   0..4     Pack
   5..13    Ident("examples")
  13..14    Dot
  14..26    Ident("generics_max")
  26..27    Semicolon
  29..35    Public
  36..44    Function
  45..48    Ident("max")
  48..49    Lt
  49..50    Ident("T")
  50..51    Colon
  52..55    Ident("Ord")
  55..56    Gt
  56..57    LParen
  57..58    Ident("T")
  59..60    Dollar
  60..61    Ident("a")
  61..62    Comma
  63..64    Ident("T")
  65..66    Dollar
  66..67    Ident("b")
  67..68    RParen
  68..69    Colon
  70..71    Ident("T")
  72..73    LBrace
  78..84    Return
  85..90    Match
  91..92    LParen
  92..93    Dollar
  93..94    Ident("a")
  95..96    Gt
  97..98    Dollar
  98..99    Ident("b")
  99..100   RParen
 101..102   LBrace
 111..115   True
 116..118   FatArrow
 119..120   Dollar
 120..121   Ident("a")
 121..122   Comma
 131..136   False
 137..139   FatArrow
 140..141   Dollar
 141..142   Ident("b")
 142..143   Comma
 148..149   RBrace
 149..150   Semicolon
 151..152   RBrace
 154..160   Public
 161..169   Function
 170..174   Ident("demo")
 174..175   LParen
 175..176   RParen
 176..177   Colon
 178..181   Ident("int")
 182..183   LBrace
 188..194   Return
 195..198   Ident("max")
 198..199   LParen
 199..200   IntLit("3")
 200..201   Comma
 202..203   IntLit("7")
 203..204   RParen
 204..205   Semicolon
 206..207   RBrace
