---
source: crates/phc-lexer/tests/lex_examples.rs
assertion_line: 59
expression: rendered
input_file: examples/borrows.phc
---
   0..4     Pack
   5..13    Ident("examples")
  13..14    Dot
  14..21    Ident("borrows")
  21..22    Semicolon
  24..30    Public
  31..36    Class
  37..41    Ident("User")
  42..43    LBrace
  48..57    Construct
  57..58    LParen
  58..64    Public
  65..71    Ident("string")
  72..73    Dollar
  73..77    Ident("name")
  77..78    RParen
  79..80    LBrace
  80..81    RBrace
  82..83    RBrace
  85..149   LineComment("// Shared borrow: `read` may observe the user but not mutate it.")
 150..156   Public
 157..165   Function
 166..170   Ident("read")
 170..171   LParen
 171..172   Amp
 172..176   Ident("User")
 177..178   Dollar
 178..182   Ident("user")
 182..183   RParen
 183..184   Colon
 185..191   Ident("string")
 192..193   LBrace
 198..204   Return
 205..206   Dollar
 206..210   Ident("user")
 210..212   Arrow
 212..216   Ident("name")
 216..217   Semicolon
 218..219   RBrace
 221..286   LineComment("// Mutable borrow: `bump` writes through to the caller's binding.")
 287..293   Public
 294..302   Function
 303..307   Ident("bump")
 307..308   LParen
 308..309   Amp
 309..313   Flip
 314..317   Ident("int")
 318..319   Dollar
 319..326   Ident("counter")
 326..327   RParen
 327..328   Colon
 329..333   Void
 334..335   LBrace
 340..341   Dollar
 341..348   Ident("counter")
 349..351   Reassign
 352..353   Dollar
 353..360   Ident("counter")
 361..362   Plus
 363..364   IntLit("1")
 364..365   Semicolon
 366..367   RBrace
 369..377   Function
 378..382   Ident("main")
 382..383   LParen
 383..384   RParen
 384..385   Colon
 386..390   Void
 391..392   LBrace
 397..401   Ident("User")
 402..403   Dollar
 403..404   Ident("u")
 405..406   Eq
 407..411   Ident("User")
 411..412   LParen
 412..417   StrLit[Text("Ada")]
 417..418   RParen
 418..419   Semicolon
 424..430   Ident("Logger")
 430..432   StaticOp
 432..436   Ident("info")
 436..437   LParen
 437..441   Ident("read")
 441..442   LParen
 442..443   Amp
 443..444   Dollar
 444..445   Ident("u")
 445..446   RParen
 446..447   RParen
 447..448   Semicolon
 454..458   Flip
 459..462   Ident("int")
 463..464   Dollar
 464..468   Ident("hits")
 469..470   Eq
 471..472   IntLit("0")
 472..473   Semicolon
 478..482   Ident("bump")
 482..483   LParen
 483..484   Amp
 484..488   Flip
 489..490   Dollar
 490..494   Ident("hits")
 494..495   RParen
 495..496   Semicolon
 501..505   Ident("bump")
 505..506   LParen
 506..507   Amp
 507..511   Flip
 512..513   Dollar
 513..517   Ident("hits")
 517..518   RParen
 518..519   Semicolon
 524..530   Ident("Logger")
 530..532   StaticOp
 532..536   Ident("info")
 536..537   LParen
 537..553   StrLit[Text("hits = "), Interp(@546 "$hits")]
 553..554   RParen
 554..555   Semicolon
 556..557   RBrace
