---
source: crates/phc-lexer/tests/lex_examples.rs
expression: rendered
input_file: examples/class.phc
---
   0..4     Pack
   5..13    Ident("examples")
  13..14    Dot
  14..24    Ident("class_user")
  24..25    Semicolon
  27..33    Public
  34..43    Interface
  44..49    Ident("Greet")
  50..51    LBrace
  52..60    Function
  61..66    Ident("greet")
  66..67    LParen
  67..68    RParen
  68..69    Colon
  70..76    Ident("string")
  76..77    Semicolon
  78..79    RBrace
  81..87    Public
  88..93    Trait
  94..102   Ident("Loggable")
 103..104   LBrace
 109..117   Function
 118..121   Ident("log")
 121..122   LParen
 122..123   RParen
 123..124   Colon
 125..129   Void
 130..131   LBrace
 132..138   Ident("Logger")
 138..140   StaticOp
 140..144   Ident("info")
 144..145   LParen
 145..146   Dollar
 146..150   Ident("this")
 150..152   Arrow
 152..157   Ident("greet")
 157..158   LParen
 158..159   RParen
 159..160   RParen
 160..161   Semicolon
 162..163   RBrace
 164..165   RBrace
 167..173   Public
 174..179   Class
 180..184   Ident("User")
 185..195   Implements
 196..201   Ident("Greet")
 202..203   LBrace
 208..211   Use
 212..220   Ident("Loggable")
 220..221   Semicolon
 227..236   Construct
 236..237   LParen
 246..252   Public
 253..259   Ident("string")
 260..261   Dollar
 261..265   Ident("name")
 265..266   Comma
 275..278   Ident("int")
 279..280   Dollar
 280..283   Ident("age")
 283..284   Comma
 289..290   RParen
 291..292   LBrace
 297..298   RBrace
 304..308   Flip
 309..312   Ident("int")
 313..314   Dollar
 314..324   Ident("loginCount")
 325..326   Eq
 327..328   IntLit("0")
 328..329   Semicolon
 335..341   Public
 342..350   Function
 351..356   Ident("greet")
 356..357   LParen
 357..358   RParen
 358..359   Colon
 360..366   Ident("string")
 367..368   LBrace
 377..383   Return
 384..403   StrLit[Text("Hi, "), Interp("$this->name")]
 403..404   Semicolon
 409..410   RBrace
 411..412   RBrace
