---
source: crates/phc-semantic/tests/resolve_examples.rs
expression: rendered
input_file: examples/class.phc
---
=== top level ===
SymbolId(0)  Interface  Greet  (44..49)
SymbolId(2)  Trait  Loggable  (94..102)
SymbolId(4)  Class  User  (180..184)

=== uses ===
 145..150  -> SymbolId(9)  Value  this
 301..306  -> SymbolId(10)  Value  this
 457..462  -> SymbolId(13)  Value  this
