---
source: crates/phc-typecheck/tests/typecheck_examples.rs
assertion_line: 87
expression: rendered
input_file: examples/borrows.phc
---
=== function sigs ===
SymbolId(1)(string $name) -> User
SymbolId(2)(&User $user) -> string
SymbolId(3)(&flip int $counter) -> void
SymbolId(4)() -> void

=== expr types ===
 205..210  : User
 205..216  : <unknown>
 340..348  : int
 352..360  : int
 352..364  : int
 363..364  : int
 407..411  : <unknown>
 407..418  : <unknown>
 412..417  : string
 424..430  : <unknown>
 424..436  : <unknown>
 424..447  : <unknown>
 437..441  : <unknown>
 437..446  : string
 442..445  : <unknown>
 443..445  : User
 471..472  : int
 478..482  : <unknown>
 478..495  : void
 483..494  : <unknown>
 489..494  : int
 501..505  : <unknown>
 501..518  : void
 506..517  : <unknown>
 512..517  : int
 524..530  : <unknown>
 524..536  : <unknown>
 524..554  : <unknown>
 537..553  : string
 546..551  : int
